Error: C:/Users/cires/OneDrive/Documents/projects/faster-blaster/build-extended is not a directory
