-- [WINDOWS TOOLCHAIN] Added x64 INCLUDE paths for clang-cl
-- [WINDOWS TOOLCHAIN] Added x64 LIB paths for lld-link
-- The C compiler identification is Clang 19.1.5 with MSVC-like command-line
-- The CXX compiler identification is Clang 19.1.5 with MSVC-like command-line
-- Detecting C compiler ABI info
-- Detecting C compiler ABI info - done
-- Check for working C compiler: C:/Users/cires/AppData/Local/Programs/Swift/Toolchains/6.2.3+Asserts/usr/bin/clang-cl.exe - skipped
-- Detecting C compile features
-- Detecting C compile features - done
-- Detecting CXX compiler ABI info
-- Detecting CXX compiler ABI info - done
-- Check for working CXX compiler: C:/Users/cires/AppData/Local/Programs/Swift/Toolchains/6.2.3+Asserts/usr/bin/clang-cl.exe - skipped
-- Detecting CXX compile features
-- Detecting CXX compile features - done
-- cargo and git found ΓÇö OxiBLAS from-source build ON by default
-- Building backends with 32 parallel jobs
-- 
-- =================================================================
--   Building Backends From Source for Maximum Performance
-- =================================================================
-- Detected AMD Zen 4 CPU: AMD Ryzen 9 7940HX with Radeon Graphics
-- NVIDIA CUDA detected - targeting architectures: 60;70;75;80;86
-- OpenCL detected: 3.0
-- 
-- Hardware Configuration:
--   CPU Vendor: AMD
--   CPU Architecture: zen4
--   CPU Config: znver4
--   NVIDIA GPU: Yes (CUDA 13.0.88)
--   OpenCL: Yes
-- 
-- Optimized C Flags: /O2 /Ob2 /Oi /Ot /GL /GS- /fp:fast /arch:AVX2
-- Optimized CXX Flags: /O2 /Ob2 /Oi /Ot /GL /GS- /fp:fast /arch:AVX2
-- 
-- Building backends:
-- Configuring BLIS build from source (zen4 optimized)
-- BLIS will be built and installed to: C:/Users/cires/OneDrive/Documents/projects/faster-blaster/build-clang-noisecheck/backends-install/blis
-- Configuring OpenBLAS build from source (znver4 optimized)
-- OpenBLAS will be built and installed to: C:/Users/cires/OneDrive/Documents/projects/faster-blaster/build-clang-noisecheck/backends-install/openblas
-- Configuring CLBlast build from source
-- CLBlast will be built and installed to: C:/Users/cires/OneDrive/Documents/projects/faster-blaster/build-clang-noisecheck/backends-install/clblast
-- Cloning OxiBLAS repository...
Cloning into 'C:/Users/cires/OneDrive/Documents/projects/faster-blaster/build-clang-noisecheck/oxiblas-src'...
-- Building OxiBLAS FFI from source:
--   Source : C:/Users/cires/OneDrive/Documents/projects/faster-blaster/build-clang-noisecheck/oxiblas-src
--   Output : C:/Users/cires/OneDrive/Documents/projects/faster-blaster/build-clang-noisecheck/backends-install/oxiblas/lib
--   cargo  : C:/Users/cires/.cargo/bin/cargo.exe
    Updating crates.io index
     Locking 307 packages to latest compatible versions
      Adding generic-array v0.14.7 (available: v0.14.9)
error: package ID specification `oxiblas-ffi` did not match any packages
CMake Warning at cmake/BuildBackendsFromSource.cmake:547 (message):
  cargo build --release -p oxiblas-ffi failed (exit 101).  OxiBLAS will not
  be available.
Call Stack (most recent call first):
  cmake/BuildBackendsFromSource.cmake:605 (build_oxiblas_from_source)
  CMakeLists.txt:229 (include)


-- 
-- All backends will be installed to: C:/Users/cires/OneDrive/Documents/projects/faster-blaster/build-clang-noisecheck/backends-install
-- =================================================================
-- 
-- 
-- ΓòÉΓòÉΓòÉΓòÉΓòÉΓòÉΓòÉΓòÉΓòÉΓòÉΓòÉΓòÉΓòÉΓòÉΓòÉΓòÉΓòÉΓòÉΓòÉΓòÉΓòÉΓòÉΓòÉΓòÉΓòÉΓòÉΓòÉΓòÉΓòÉΓòÉΓòÉΓòÉΓòÉΓòÉΓòÉΓòÉΓòÉΓòÉΓòÉΓòÉΓòÉΓòÉΓòÉΓòÉΓòÉΓòÉΓòÉΓòÉΓòÉΓòÉΓòÉΓòÉΓòÉΓòÉ
--  Backend Detection & Configuration
-- ΓòÉΓòÉΓòÉΓòÉΓòÉΓòÉΓòÉΓòÉΓòÉΓòÉΓòÉΓòÉΓòÉΓòÉΓòÉΓòÉΓòÉΓòÉΓòÉΓòÉΓòÉΓòÉΓòÉΓòÉΓòÉΓòÉΓòÉΓòÉΓòÉΓòÉΓòÉΓòÉΓòÉΓòÉΓòÉΓòÉΓòÉΓòÉΓòÉΓòÉΓòÉΓòÉΓòÉΓòÉΓòÉΓòÉΓòÉΓòÉΓòÉΓòÉΓòÉΓòÉΓòÉΓòÉ
-- CPU: 16 core AMD Ryzen 9 7940HX with Radeon Graphics
-- CPU Vendor: AMD
--   NVIDIA CUDA Toolkit: 13.0.88
--   AMD ROCm/HIP: Present
--   OpenCL: 3.0
--     ΓåÆ Can detect NVIDIA, AMD (integrated/discrete), Intel, and other GPUs
-- 
-- CPU Backends:
-- Performing Test COMPILER_FSYCL_SUPPORT
-- Performing Test COMPILER_FSYCL_SUPPORT - Success
-- Looking for C++ include sycl/sycl.hpp
-- Looking for C++ include sycl/sycl.hpp - not found
-- Looking for C++ include CL/sycl.hpp
-- Looking for C++ include CL/sycl.hpp - not found
--   Γ£ù OpenBLAS: Not found
  Γ£ô Intel MKL: (found)
  Γ£ù AMD AOCL: Not found

-- GPU Backends:
--   Γ£ô cuBLAS: 13.0.88 (found)
  Γ£ù AMD rocBLAS: Not found
  Γ£ô CLBlast: (found)

-- ΓòÉΓòÉΓòÉΓòÉΓòÉΓòÉΓòÉΓòÉΓòÉΓòÉΓòÉΓòÉΓòÉΓòÉΓòÉΓòÉΓòÉΓòÉΓòÉΓòÉΓòÉΓòÉΓòÉΓòÉΓòÉΓòÉΓòÉΓòÉΓòÉΓòÉΓòÉΓòÉΓòÉΓòÉΓòÉΓòÉΓòÉΓòÉΓòÉΓòÉΓòÉΓòÉΓòÉΓòÉΓòÉΓòÉΓòÉΓòÉΓòÉΓòÉΓòÉΓòÉΓòÉΓòÉ
-- 
-- Γ£à NVIDIA GPU with CUDA Toolkit 13.0.88
-- 
-- Γ£à OpenCL available with CLBlast
--    ΓåÆ All GPUs can be accelerated (NVIDIA, AMD, Intel, etc.)
-- 
-- ΓòÉΓòÉΓòÉΓòÉΓòÉΓòÉΓòÉΓòÉΓòÉΓòÉΓòÉΓòÉΓòÉΓòÉΓòÉΓòÉΓòÉΓòÉΓòÉΓòÉΓòÉΓòÉΓòÉΓòÉΓòÉΓòÉΓòÉΓòÉΓòÉΓòÉΓòÉΓòÉΓòÉΓòÉΓòÉΓòÉΓòÉΓòÉΓòÉΓòÉΓòÉΓòÉΓòÉΓòÉΓòÉΓòÉΓòÉΓòÉΓòÉΓòÉΓòÉΓòÉΓòÉΓòÉ
--  Γä╣∩╕Å  Some recommended backends are missing
--    You can install them later and reconfigure
--    Interactive prompts are suppressed for this non-interactive configure run
-- ΓòÉΓòÉΓòÉΓòÉΓòÉΓòÉΓòÉΓòÉΓòÉΓòÉΓòÉΓòÉΓòÉΓòÉΓòÉΓòÉΓòÉΓòÉΓòÉΓòÉΓòÉΓòÉΓòÉΓòÉΓòÉΓòÉΓòÉΓòÉΓòÉΓòÉΓòÉΓòÉΓòÉΓòÉΓòÉΓòÉΓòÉΓòÉΓòÉΓòÉΓòÉΓòÉΓòÉΓòÉΓòÉΓòÉΓòÉΓòÉΓòÉΓòÉΓòÉΓòÉΓòÉΓòÉ
-- 
-- cpuinfo not found, will fetch from source
-- Found OpenCL: C:/libraries/vcpkg/installed/x64-windows/debug/lib/OpenCL.lib (found version "3.0")
-- Found OpenCL: C:/libraries/vcpkg/installed/x64-windows/include
-- Γ£ô Found CLBlast
-- Γ£ô CUDA compiler (nvcc) found: C:/Program Files/NVIDIA GPU Computing Toolkit/CUDA/v13.0/bin/nvcc.exe
--   CUDA language remains disabled with clang-cl on Windows; cuBLAS links against CUDAToolkit::cublas directly
-- Γ£ô CUDA Toolkit 13.0.88 detected
--   cuBLAS plugin will be enabled
-- Found rocBLAS:
--   ROCm Root: C:/Program Files/AMD/ROCm/6.4
--   HIP Include: C:/Program Files/AMD/ROCm/6.4/include
--   rocBLAS Include: C:/Program Files/AMD/ROCm/6.4/include
--   rocSOLVER Include: C:/Program Files/AMD/ROCm/6.4/include
--   Libraries: C:/Program Files/AMD/ROCm/6.4/lib/rocblas.lib;C:/Program Files/AMD/ROCm/6.4/lib/rocsolver.lib;C:/Program Files/AMD/ROCm/6.4/lib/hipblas.lib
-- Γ£ô ROCm  detected at C:/Program Files/AMD/ROCm/6.4
--   rocBLAS plugin will be enabled
--   Found hipcc: C:/Program Files/AMD/ROCm/6.4/bin/hipcc.exe
--   HIP source files will be compiled using custom commands
-- 
-- GPU Backend Configuration:
--   NVIDIA cuBLAS:  ON
--   AMD rocBLAS:    ON
--   Intel oneMKL:   OFF
--   Apple Metal:    OFF
-- 
--   Intel OpenMP runtime: C:/Program Files (x86)/Intel/oneAPI/2025.3/lib/libiomp5md.lib
-- Found Intel MKL:
--   Include: C:/Program Files (x86)/Intel/oneAPI/mkl/latest/include
--   Libraries: C:/Program Files (x86)/Intel/oneAPI/mkl/latest/lib/mkl_intel_lp64.lib;C:/Program Files (x86)/Intel/oneAPI/mkl/latest/lib/mkl_intel_thread.lib;C:/Program Files (x86)/Intel/oneAPI/mkl/latest/lib/mkl_core.lib;C:/Program Files (x86)/Intel/oneAPI/2025.3/lib/libiomp5md.lib
--   Interface: mkl_intel_lp64 (8-byte pointers)
--   Threading: mkl_intel_thread
--   Note: You may also need to link: iomp5md (OpenMP runtime)
-- Γ£ô Intel MKL  detected
--   MKL CPU plugin will be enabled
-- Found OpenBLAS:
--   Include: C:/libraries/OpenBLAS-0.3.30-x64/include
--   Library: C:/libraries/OpenBLAS-0.3.30-x64/lib/libopenblas.lib
--   LAPACK: Included in OpenBLAS
-- Γ£ô OpenBLAS  detected
--   OpenBLAS plugin will be enabled
-- Γ£ù OxiBLAS not found - OxiBLAS plugin disabled
--   Build oxiblas-ffi: cargo build --release -p oxiblas-ffi
-- Found BLIS:
--   Include: C:/BLIS/include
--   Library: C:/Program Files/AMD/AOCL-Windows/amd-blis/lib/LP64/AOCL-LibBlis-Win-dll.lib
--   Note: BLIS provides BLAS only, LAPACK may be needed separately
-- Γ£ô BLIS  detected
--   BLIS plugin will be enabled
-- Found AOCL:
--   BLIS Include: C:/Program Files/AMD/AOCL-Windows/amd-blis/include/LP64
--   libFLAME Include: C:/Program Files/AMD/AOCL-Windows/amd-libflame/include/LP64
--   BLIS Library: C:/Program Files/AMD/AOCL-Windows/amd-blis/lib/LP64/AOCL-LibBlis-Win-MT-dll.lib
--   libFLAME: Not found (LAPACK operations unavailable)
-- Γ£ô AMD AOCL  detected
--   AOCL plugin will be enabled
-- 
-- CPU Backend Configuration:
--   Intel MKL:      ON
--   OpenBLAS:       ON
--   OxiBLAS:        OFF (EXPERIMENTAL)
--   BLIS:           ON
--   AMD AOCL:       ON
--   Accelerate:     OFF
-- 
--   HIP detection will compile using clang directly: C:/Program Files/AMD/ROCm/6.4/bin/clang.exe
-- Adding Intel MKL CPU backend source
-- Adding BLIS CPU backend source
-- Adding OpenBLAS CPU backend source
-- Adding AMD AOCL CPU backend source
-- rocBLAS backend included (dynamic loading, deferred to runtime availability)
-- Adding CLBlast backend trait implementation
-- faster-blaster-reference DLL not found ΓÇö reference backend will be unavailable at runtime. Build it with:
  cd ../faster-blaster-reference && cmake -B build-extended -G Ninja && cmake --build build-extended
-- Linking CUDA libraries for cuBLAS plugin with GPU detection
-- CUDA include dirs: C:/Program Files/NVIDIA GPU Computing Toolkit/CUDA/v13.0/include
--   Linked HIP runtime: C:/Program Files/AMD/ROCm/6.4/lib/amdhip64.lib
-- ROCm HIP support enabled with HIP compiler
-- Linking Intel MKL CPU libraries
-- Linking OpenBLAS libraries
-- Linking BLIS libraries
-- Linking AMD AOCL libraries
-- Linking OpenCL: C:/libraries/vcpkg/installed/x64-windows/debug/lib/OpenCL.lib
-- Linking CLBlast
-- Device Memory Manager simple test enabled
-- Smart Wrappers GPU test enabled
-- Phase 1 GPU Operations test enabled
-- Comprehensive correctness test enabled
-- Reference BLAS Level 1 expanded test enabled
-- Judge module tests enabled
-- Judge end-to-end runner test enabled
-- Backend loader integration test enabled
-- CLBlast execution test enabled
-- AOCL tests enabled
-- BLIS tests enabled
-- MKL CPU tests enabled
-- OpenBLAS CPU tests enabled
-- Ranked dispatch table tests enabled
-- Constraint-based selection tests enabled
-- Operation sequence executor tests enabled
-- 
-- Backend Tests Configuration:
--   cuBLAS: ON
--   rocBLAS: ON
--   hipBLAS: ON
--   oneMKL: OFF
--   MKL (CPU): ON
--   OpenBLAS: ON
--   AOCL (BLIS+libFLAME): ON
--   BLIS: ON
-- 
-- 
-- === Faster-BLASTER Configuration Summary ===
-- Version: 0.1.0
-- Build type: Debug
-- Shared libraries: ON
-- 
-- Optional Features:
--   Tests: ON
--   Benchmarks: ON
--   Examples: ON
--   Statistics: ON
-- 
-- Backend Support:
--   OpenBLAS: ON
--   BLIS: ON
--   Intel MKL: ON
--   NVIDIA cuBLAS: ON
--   AMD rocBLAS: ON
--   Apple Accelerate: OFF
-- ===========================================
-- 
-- Configuring done (279.3s)
-- Generating done (0.5s)
CMake Warning:
  Manually-specified variables were not used by the project:

    CMAKE_CUDA_FLAGS


-- Build files have been written to: C:/Users/cires/OneDrive/Documents/projects/faster-blaster/build-clang-noisecheck
