
cgelsd basic
  cgelsd: negative m is rejected
  cgelsd: negative n is rejected
  cgelsd: short lda is rejected
  cgelsd: short ldb is rejected
  cgelsd: short lwork is rejected
** On entry to CGELSD, parameter number  1 had an illegal value
  cgelsd: workspace query reports positive sizes
  cgelsd: zero-size quick return preserves B
  cgelsd: exact 2x2 solve reports rank and singular values
  cgelsd: structured 16x16 multi-rhs exact solve preserves the known solution
** On entry to CGELSD, parameter number  2 had an illegal value
** On entry to CGELSD, parameter number  5 had an illegal value
** On entry to CGELSD, parameter number  7 had an illegal value
** On entry to CGELSD, parameter number 12 had an illegal value
  FAIL: cgelsd structured solve x[0] (expected 2.812500e-01, got 3.549231e-01, diff 7.367313e-02)
  FAIL: cgelsd structured solve x[0] (expected -1.093750e-01, got 2.542541e-02, diff 1.348004e-01)
  FAIL: cgelsd structured solve x[1] (expected 3.125000e-01, got 1.969194e-01, diff 1.155806e-01)
  FAIL: cgelsd structured solve x[1] (expected -9.375000e-02, got -4.719375e-02, diff 4.655625e-02)
  FAIL: cgelsd structured solve x[2] (expected 3.437500e-01, got 1.041651e+00, diff 6.979014e-01)
  FAIL: cgelsd structured solve x[2] (expected -7.812500e-02, got -1.595822e-01, diff 8.145717e-02)
  FAIL: cgelsd structured solve x[3] (expected 3.750000e-01, got 5.673905e-02, diff 3.182610e-01)
  FAIL: cgelsd structured solve x[3] (expected -6.250000e-02, got -8.315827e-03, diff 5.418417e-02)
  FAIL: cgelsd structured solve x[4] (expected 4.062500e-01, got 2.920424e-01, diff 1.142076e-01)
  FAIL: cgelsd structured solve x[4] (expected -4.687500e-02, got 5.208540e-02, diff 9.896040e-02)
  FAIL: cgelsd structured solve x[5] (expected 4.375000e-01, got -5.895023e-02, diff 4.964502e-01)
  FAIL: cgelsd structured solve x[5] (expected -3.125000e-02, got -8.204766e-04, diff 3.042952e-02)
  FAIL: cgelsd structured solve x[6] (expected 4.687500e-01, got 4.734835e-02, diff 4.214016e-01)
  FAIL: cgelsd structured solve x[6] (expected -1.562500e-02, got 5.054408e-02, diff 6.616908e-02)
  FAIL: cgelsd structured solve x[7] (expected 5.000000e-01, got -1.813084e-01, diff 6.813084e-01)
  FAIL: cgelsd structured solve x[7] (expected 0.000000e+00, got -8.845448e-03, diff 8.845448e-03)
  FAIL: cgelsd structured solve x[8] (expected 5.312500e-01, got -1.813414e-01, diff 7.125914e-01)
  FAIL: cgelsd structured solve x[8] (expected 1.562500e-02, got 2.547424e-02, diff 9.849243e-03)
  FAIL: cgelsd structured solve x[9] (expected 5.625000e-01, got -3.241089e-01, diff 8.866089e-01)
  FAIL: cgelsd structured solve x[9] (expected 3.125000e-02, got -2.797009e-02, diff 5.922009e-02)
  FAIL: cgelsd structured solve x[10] (expected 5.937500e-01, got -4.331874e-01, diff 1.026937e+00)
  FAIL: cgelsd structured solve x[10] (expected 4.687500e-02, got -1.306987e-02, diff 5.994487e-02)
  FAIL: cgelsd structured solve x[11] (expected 6.250000e-01, got -5.187753e-01, diff 1.143775e+00)
  FAIL: cgelsd structured solve x[11] (expected 6.250000e-02, got -6.036713e-02, diff 1.228671e-01)
  FAIL: cgelsd structured solve x[12] (expected 6.562500e-01, got -7.304448e-01, diff 1.386695e+00)
  FAIL: cgelsd structured solve x[12] (expected 7.812500e-02, got -6.503817e-02, diff 1.431632e-01)
  FAIL: cgelsd structured solve x[13] (expected 6.875000e-01, got -6.097940e-01, diff 1.297294e+00)
  FAIL: cgelsd structured solve x[13] (expected 9.375000e-02, got -8.791099e-02, diff 1.816610e-01)
  FAIL: cgelsd structured solve x[14] (expected 7.187500e-01, got -1.071092e+00, diff 1.789842e+00)
  FAIL: cgelsd structured solve x[14] (expected 1.093750e-01, got -1.310720e-01, diff 2.404470e-01)
  FAIL: cgelsd structured solve x[15] (expected 7.500000e-01, got 7.591969e-01, diff 9.196877e-03)
  FAIL: cgelsd structured solve x[15] (expected 1.250000e-01, got 1.264747e-01, diff 1.474664e-03)
  FAIL: cgelsd structured solve x[16] (expected 5.312500e-01, got 5.069590e-01, diff 2.429104e-02)
  FAIL: cgelsd structured solve x[16] (expected -2.343750e-01, got -5.059269e-02, diff 1.837823e-01)
  FAIL: cgelsd structured solve x[17] (expected 5.625000e-01, got 3.425727e-01, diff 2.199273e-01)
  FAIL: cgelsd structured solve x[17] (expected -2.187500e-01, got -1.200205e-01, diff 9.872952e-02)
  FAIL: cgelsd structured solve x[18] (expected 5.937500e-01, got 1.722059e+00, diff 1.128309e+00)
  FAIL: cgelsd structured solve x[18] (expected -2.031250e-01, got -4.997860e-01, diff 2.966610e-01)
  FAIL: cgelsd structured solve x[19] (expected 6.250000e-01, got 9.342427e-02, diff 5.315757e-01)
  FAIL: cgelsd structured solve x[19] (expected -1.875000e-01, got -2.665849e-02, diff 1.608415e-01)
  FAIL: cgelsd structured solve x[20] (expected 6.562500e-01, got 3.859780e-01, diff 2.702720e-01)
  FAIL: cgelsd structured solve x[20] (expected -1.718750e-01, got 5.117492e-03, diff 1.769925e-01)
  FAIL: cgelsd structured solve x[21] (expected 6.875000e-01, got -8.760487e-02, diff 7.751049e-01)
  FAIL: cgelsd structured solve x[21] (expected -1.562500e-01, got 1.350685e-02, diff 1.697568e-01)
  FAIL: cgelsd structured solve x[22] (expected 7.187500e-01, got 2.047815e-02, diff 6.982719e-01)
  FAIL: cgelsd structured solve x[22] (expected -1.406250e-01, got 6.397916e-02, diff 2.046041e-01)
  FAIL: cgelsd structured solve x[23] (expected 7.500000e-01, got -2.631172e-01, diff 1.013117e+00)
  FAIL: cgelsd structured solve x[23] (expected -1.250000e-01, got 3.205893e-02, diff 1.570589e-01)
  FAIL: cgelsd structured solve x[24] (expected 7.812500e-01, got -2.974865e-01, diff 1.078737e+00)
  FAIL: cgelsd structured solve x[24] (expected -1.093750e-01, got 8.354671e-02, diff 1.929217e-01)
  FAIL: cgelsd structured solve x[25] (expected 8.125000e-01, got -4.581932e-01, diff 1.270693e+00)
  FAIL: cgelsd structured solve x[25] (expected -9.375000e-02, got 3.907208e-02, diff 1.328221e-01)
  FAIL: cgelsd structured solve x[26] (expected 8.437500e-01, got -6.367114e-01, diff 1.480461e+00)
  FAIL: cgelsd structured solve x[26] (expected -7.812500e-02, got 8.869205e-02, diff 1.668170e-01)
  FAIL: cgelsd structured solve x[27] (expected 8.750000e-01, got -7.177956e-01, diff 1.592796e+00)
  FAIL: cgelsd structured solve x[27] (expected -6.250000e-02, got 3.914312e-02, diff 1.016431e-01)
  FAIL: cgelsd structured solve x[28] (expected 9.062500e-01, got -1.030629e+00, diff 1.936879e+00)
  FAIL: cgelsd structured solve x[28] (expected -4.687500e-02, got 8.505391e-02, diff 1.319289e-01)
  FAIL: cgelsd structured solve x[29] (expected 9.375000e-01, got -8.267800e-01, diff 1.764280e+00)
  FAIL: cgelsd structured solve x[29] (expected -3.125000e-02, got 2.058196e-02, diff 5.183196e-02)
  FAIL: cgelsd structured solve x[30] (expected 9.687500e-01, got -1.475567e+00, diff 2.444317e+00)
  FAIL: cgelsd structured solve x[30] (expected -1.562500e-02, got 7.116514e-02, diff 8.679014e-02)
  FAIL: cgelsd structured solve x[31] (expected 1.000000e+00, got 1.012320e+00, diff 1.232040e-02)
  FAIL: cgelsd structured solve x[31] (expected 0.000000e+00, got -8.717056e-05, diff 8.717056e-05)
  FAIL: cgelsd structured solve x[32] (expected 7.812500e-01, got 6.589953e-01, diff 1.222547e-01)
  FAIL: cgelsd structured solve x[32] (expected -3.593750e-01, got -1.266110e-01, diff 2.327640e-01)
  FAIL: cgelsd structured solve x[33] (expected 8.125000e-01, got 4.882260e-01, diff 3.242740e-01)
  FAIL: cgelsd structured solve x[33] (expected -3.437500e-01, got -1.928473e-01, diff 1.509027e-01)
  FAIL: cgelsd structured solve x[34] (expected 8.437500e-01, got 2.402467e+00, diff 1.558717e+00)
  FAIL: cgelsd structured solve x[34] (expected -3.281250e-01, got -8.399902e-01, diff 5.118652e-01)
  FAIL: cgelsd structured solve x[35] (expected 8.750000e-01, got 1.301097e-01, diff 7.448903e-01)
  FAIL: cgelsd structured solve x[35] (expected -3.125000e-01, got -4.500119e-02, diff 2.674988e-01)
  FAIL: cgelsd structured solve x[36] (expected 9.062500e-01, got 4.799139e-01, diff 4.263361e-01)
  FAIL: cgelsd structured solve x[36] (expected -2.968750e-01, got -4.185042e-02, diff 2.550246e-01)
  FAIL: cgelsd structured solve x[37] (expected 9.375000e-01, got -1.162596e-01, diff 1.053760e+00)
  FAIL: cgelsd structured solve x[37] (expected -2.812500e-01, got 2.783418e-02, diff 3.090842e-01)
  FAIL: cgelsd structured solve x[38] (expected 9.687500e-01, got -6.392167e-03, diff 9.751422e-01)
  FAIL: cgelsd structured solve x[38] (expected -2.656250e-01, got 7.741406e-02, diff 3.430391e-01)
  FAIL: cgelsd structured solve x[39] (expected 1.000000e+00, got -3.449259e-01, diff 1.344926e+00)
  FAIL: cgelsd structured solve x[39] (expected -2.500000e-01, got 7.296330e-02, diff 3.229633e-01)
  FAIL: cgelsd structured solve x[40] (expected 1.031250e+00, got -4.136313e-01, diff 1.444881e+00)
  FAIL: cgelsd structured solve x[40] (expected -2.343750e-01, got 1.416192e-01, diff 3.759942e-01)
  FAIL: cgelsd structured solve x[41] (expected 1.062500e+00, got -5.922778e-01, diff 1.654778e+00)
  FAIL: cgelsd structured solve x[41] (expected -2.187500e-01, got 1.061143e-01, diff 3.248643e-01)
  FAIL: cgelsd structured solve x[42] (expected 1.093750e+00, got -8.402349e-01, diff 1.933985e+00)
  FAIL: cgelsd structured solve x[42] (expected -2.031250e-01, got 1.904540e-01, diff 3.935790e-01)
  FAIL: cgelsd structured solve x[43] (expected 1.125000e+00, got -9.168164e-01, diff 2.041816e+00)
  FAIL: cgelsd structured solve x[43] (expected -1.875000e-01, got 1.386534e-01, diff 3.261534e-01)
  FAIL: cgelsd structured solve x[44] (expected 1.156250e+00, got -1.330813e+00, diff 2.487063e+00)
  FAIL: cgelsd structured solve x[44] (expected -1.718750e-01, got 2.351460e-01, diff 4.070210e-01)
  FAIL: cgelsd structured solve x[45] (expected 1.187500e+00, got -1.043766e+00, diff 2.231266e+00)
  FAIL: cgelsd structured solve x[45] (expected -1.562500e-01, got 1.290749e-01, diff 2.853249e-01)
  FAIL: cgelsd structured solve x[46] (expected 1.218750e+00, got -1.880041e+00, diff 3.098791e+00)
  FAIL: cgelsd structured solve x[46] (expected -1.406250e-01, got 2.734023e-01, diff 4.140273e-01)
  FAIL: cgelsd structured solve x[47] (expected 1.250000e+00, got 1.265444e+00, diff 1.544416e-02)
  FAIL: cgelsd structured solve x[47] (expected -1.250000e-01, got -1.266491e-01, diff 1.649052e-03)
  FAIL: cgelsd structured solve x[48] (expected 1.031250e+00, got 8.110316e-01, diff 2.202184e-01)
  FAIL: cgelsd structured solve x[48] (expected -4.843750e-01, got -2.026289e-01, diff 2.817461e-01)
  FAIL: cgelsd structured solve x[49] (expected 1.062500e+00, got 6.338795e-01, diff 4.286205e-01)
  FAIL: cgelsd structured solve x[49] (expected -4.687500e-01, got -2.656739e-01, diff 2.030761e-01)
  FAIL: cgelsd structured solve x[50] (expected 1.093750e+00, got 3.082875e+00, diff 1.989125e+00)
  FAIL: cgelsd structured solve x[50] (expected -4.531250e-01, got -1.180194e+00, diff 7.270689e-01)
  FAIL: cgelsd structured solve x[51] (expected 1.125000e+00, got 1.667950e-01, diff 9.582050e-01)
  FAIL: cgelsd structured solve x[51] (expected -4.375000e-01, got -6.334388e-02, diff 3.741561e-01)
  FAIL: cgelsd structured solve x[52] (expected 1.156250e+00, got 5.738497e-01, diff 5.824003e-01)
  FAIL: cgelsd structured solve x[52] (expected -4.218750e-01, got -8.881836e-02, diff 3.330566e-01)
  FAIL: cgelsd structured solve x[53] (expected 1.187500e+00, got -1.449143e-01, diff 1.332414e+00)
  FAIL: cgelsd structured solve x[53] (expected -4.062500e-01, got 4.216147e-02, diff 4.484115e-01)
  FAIL: cgelsd structured solve x[54] (expected 1.218750e+00, got -3.326140e-02, diff 1.252011e+00)
  FAIL: cgelsd structured solve x[54] (expected -3.906250e-01, got 9.084901e-02, diff 4.814740e-01)
  FAIL: cgelsd structured solve x[55] (expected 1.250000e+00, got -4.267348e-01, diff 1.676735e+00)
  FAIL: cgelsd structured solve x[55] (expected -3.750000e-01, got 1.138677e-01, diff 4.888676e-01)
  FAIL: cgelsd structured solve x[56] (expected 1.281250e+00, got -5.297762e-01, diff 1.811026e+00)
  FAIL: cgelsd structured solve x[56] (expected -3.593750e-01, got 1.996919e-01, diff 5.590669e-01)
  FAIL: cgelsd structured solve x[57] (expected 1.312500e+00, got -7.263617e-01, diff 2.038862e+00)
  FAIL: cgelsd structured solve x[57] (expected -3.437500e-01, got 1.731565e-01, diff 5.169065e-01)
  FAIL: cgelsd structured solve x[58] (expected 1.343750e+00, got -1.043759e+00, diff 2.387509e+00)
  FAIL: cgelsd structured solve x[58] (expected -3.281250e-01, got 2.922157e-01, diff 6.203407e-01)
  FAIL: cgelsd structured solve x[59] (expected 1.375000e+00, got -1.115837e+00, diff 2.490837e+00)
  FAIL: cgelsd structured solve x[59] (expected -3.125000e-01, got 2.381636e-01, diff 5.506636e-01)
  FAIL: cgelsd structured solve x[60] (expected 1.406250e+00, got -1.630997e+00, diff 3.037247e+00)
  FAIL: cgelsd structured solve x[60] (expected -2.968750e-01, got 3.852382e-01, diff 6.821132e-01)
  FAIL: cgelsd structured solve x[61] (expected 1.437500e+00, got -1.260752e+00, diff 2.698252e+00)
  FAIL: cgelsd structured solve x[61] (expected -2.812500e-01, got 2.375679e-01, diff 5.188178e-01)
  FAIL: cgelsd structured solve x[62] (expected 1.468750e+00, got -2.284515e+00, diff 3.753265e+00)
  FAIL: cgelsd structured solve x[62] (expected -2.656250e-01, got 4.756393e-01, diff 7.412643e-01)
  FAIL: cgelsd structured solve x[63] (expected 1.500000e+00, got 1.518568e+00, diff 1.856768e-02)
  FAIL: cgelsd structured solve x[63] (expected -2.500000e-01, got -2.532108e-01, diff 3.210843e-03)
  FAIL: cgelsd structured solve x[64] (expected 1.281250e+00, got 9.630680e-01, diff 3.181820e-01)
  FAIL: cgelsd structured solve x[64] (expected -6.093750e-01, got -2.786471e-01, diff 3.307279e-01)
  FAIL: cgelsd structured solve x[65] (expected 1.312500e+00, got 7.795331e-01, diff 5.329669e-01)
  FAIL: cgelsd structured solve x[65] (expected -5.937500e-01, got -3.385007e-01, diff 2.552493e-01)
  FAIL: cgelsd structured solve x[66] (expected 1.343750e+00, got 3.763283e+00, diff 2.419533e+00)
  FAIL: cgelsd structured solve x[66] (expected -5.781250e-01, got -1.520398e+00, diff 9.422729e-01)
  FAIL: cgelsd structured solve x[67] (expected 1.375000e+00, got 2.034805e-01, diff 1.171520e+00)
  FAIL: cgelsd structured solve x[67] (expected -5.625000e-01, got -8.168665e-02, diff 4.808134e-01)
  FAIL: cgelsd structured solve x[68] (expected 1.406250e+00, got 6.677858e-01, diff 7.384642e-01)
  FAIL: cgelsd structured solve x[68] (expected -5.468750e-01, got -1.357864e-01, diff 4.110886e-01)
  FAIL: cgelsd structured solve x[69] (expected 1.437500e+00, got -1.735688e-01, diff 1.611069e+00)
  FAIL: cgelsd structured solve x[69] (expected -5.312500e-01, got 5.648883e-02, diff 5.877388e-01)
  FAIL: cgelsd structured solve x[70] (expected 1.468750e+00, got -6.013125e-02, diff 1.528881e+00)
  FAIL: cgelsd structured solve x[70] (expected -5.156250e-01, got 1.042840e-01, diff 6.199090e-01)
  FAIL: cgelsd structured solve x[71] (expected 1.500000e+00, got -5.085435e-01, diff 2.008543e+00)
  FAIL: cgelsd structured solve x[71] (expected -5.000000e-01, got 1.547720e-01, diff 6.547720e-01)
  FAIL: cgelsd structured solve x[72] (expected 1.531250e+00, got -6.459219e-01, diff 2.177172e+00)
  FAIL: cgelsd structured solve x[72] (expected -4.843750e-01, got 2.577643e-01, diff 7.421392e-01)
  FAIL: cgelsd structured solve x[73] (expected 1.562500e+00, got -8.604462e-01, diff 2.422946e+00)
  FAIL: cgelsd structured solve x[73] (expected -4.687500e-01, got 2.401985e-01, diff 7.089485e-01)
  FAIL: cgelsd structured solve x[74] (expected 1.593750e+00, got -1.247283e+00, diff 2.841033e+00)
  FAIL: cgelsd structured solve x[74] (expected -4.531250e-01, got 3.939776e-01, diff 8.471026e-01)
  FAIL: cgelsd structured solve x[75] (expected 1.625000e+00, got -1.314857e+00, diff 2.939857e+00)
  FAIL: cgelsd structured solve x[75] (expected -4.375000e-01, got 3.376739e-01, diff 7.751739e-01)
  FAIL: cgelsd structured solve x[76] (expected 1.656250e+00, got -1.931181e+00, diff 3.587431e+00)
  FAIL: cgelsd structured solve x[76] (expected -4.218750e-01, got 5.353301e-01, diff 9.572051e-01)
  FAIL: cgelsd structured solve x[77] (expected 1.687500e+00, got -1.477738e+00, diff 3.165238e+00)
  FAIL: cgelsd structured solve x[77] (expected -4.062500e-01, got 3.460609e-01, diff 7.523109e-01)
  FAIL: cgelsd structured solve x[78] (expected 1.718750e+00, got -2.688989e+00, diff 4.407739e+00)
  FAIL: cgelsd structured solve x[78] (expected -3.906250e-01, got 6.778765e-01, diff 1.068501e+00)
  FAIL: cgelsd structured solve x[79] (expected 1.750000e+00, got 1.771692e+00, diff 2.169156e-02)
  FAIL: cgelsd structured solve x[79] (expected -3.750000e-01, got -3.797727e-01, diff 4.772723e-03)
  FAIL: cgelsd structured solve x[80] (expected 1.531250e+00, got 1.115104e+00, diff 4.161459e-01)
  FAIL: cgelsd structured solve x[80] (expected -7.343750e-01, got -3.546652e-01, diff 3.797098e-01)
  FAIL: cgelsd structured solve x[81] (expected 1.562500e+00, got 9.251867e-01, diff 6.373133e-01)
  FAIL: cgelsd structured solve x[81] (expected -7.187500e-01, got -4.113274e-01, diff 3.074226e-01)
  FAIL: cgelsd structured solve x[82] (expected 1.593750e+00, got 4.443690e+00, diff 2.849940e+00)
  FAIL: cgelsd structured solve x[82] (expected -7.031250e-01, got -1.860602e+00, diff 1.157477e+00)
  FAIL: cgelsd structured solve x[83] (expected 1.625000e+00, got 2.401658e-01, diff 1.384834e+00)
  FAIL: cgelsd structured solve x[83] (expected -6.875000e-01, got -1.000292e-01, diff 5.874708e-01)
  FAIL: cgelsd structured solve x[84] (expected 1.656250e+00, got 7.617210e-01, diff 8.945290e-01)
  FAIL: cgelsd structured solve x[84] (expected -6.718750e-01, got -1.827543e-01, diff 4.891207e-01)
  FAIL: cgelsd structured solve x[85] (expected 1.687500e+00, got -2.022236e-01, diff 1.889724e+00)
  FAIL: cgelsd structured solve x[85] (expected -6.562500e-01, got 7.081618e-02, diff 7.270662e-01)
  FAIL: cgelsd structured solve x[86] (expected 1.718750e+00, got -8.700180e-02, diff 1.805752e+00)
  FAIL: cgelsd structured solve x[86] (expected -6.406250e-01, got 1.177191e-01, diff 7.583441e-01)
  FAIL: cgelsd structured solve x[87] (expected 1.750000e+00, got -5.903523e-01, diff 2.340352e+00)
  FAIL: cgelsd structured solve x[87] (expected -6.250000e-01, got 1.956764e-01, diff 8.206764e-01)
  FAIL: cgelsd structured solve x[88] (expected 1.781250e+00, got -7.620665e-01, diff 2.543316e+00)
  FAIL: cgelsd structured solve x[88] (expected -6.093750e-01, got 3.158367e-01, diff 9.252117e-01)
  FAIL: cgelsd structured solve x[89] (expected 1.812500e+00, got -9.945306e-01, diff 2.807031e+00)
  FAIL: cgelsd structured solve x[89] (expected -5.937500e-01, got 3.072408e-01, diff 9.009908e-01)
  FAIL: cgelsd structured solve x[90] (expected 1.843750e+00, got -1.450807e+00, diff 3.294557e+00)
  FAIL: cgelsd structured solve x[90] (expected -5.781250e-01, got 4.957398e-01, diff 1.073865e+00)
  FAIL: cgelsd structured solve x[91] (expected 1.875000e+00, got -1.513878e+00, diff 3.388878e+00)
  FAIL: cgelsd structured solve x[91] (expected -5.625000e-01, got 4.371841e-01, diff 9.996841e-01)
  FAIL: cgelsd structured solve x[92] (expected 1.906250e+00, got -2.231365e+00, diff 4.137615e+00)
  FAIL: cgelsd structured solve x[92] (expected -5.468750e-01, got 6.854221e-01, diff 1.232297e+00)
  FAIL: cgelsd structured solve x[93] (expected 1.937500e+00, got -1.694724e+00, diff 3.632224e+00)
  FAIL: cgelsd structured solve x[93] (expected -5.312500e-01, got 4.545538e-01, diff 9.858038e-01)
  FAIL: cgelsd structured solve x[94] (expected 1.968750e+00, got -3.093464e+00, diff 5.062214e+00)
  FAIL: cgelsd structured solve x[94] (expected -5.156250e-01, got 8.801135e-01, diff 1.395738e+00)
  FAIL: cgelsd structured solve x[95] (expected 2.000000e+00, got 2.024815e+00, diff 2.481532e-02)
  FAIL: cgelsd structured solve x[95] (expected -5.000000e-01, got -5.063346e-01, diff 6.334603e-03)
  FAIL: cgelsd structured solve x[96] (expected 1.781250e+00, got 1.267140e+00, diff 5.141096e-01)
  FAIL: cgelsd structured solve x[96] (expected -8.593750e-01, got -4.306830e-01, diff 4.286920e-01)
  FAIL: cgelsd structured solve x[97] (expected 1.812500e+00, got 1.070840e+00, diff 7.416602e-01)
  FAIL: cgelsd structured solve x[97] (expected -8.437500e-01, got -4.841540e-01, diff 3.595960e-01)
  FAIL: cgelsd structured solve x[98] (expected 1.843750e+00, got 5.124099e+00, diff 3.280349e+00)
  FAIL: cgelsd structured solve x[98] (expected -8.281250e-01, got -2.200806e+00, diff 1.372681e+00)
  FAIL: cgelsd structured solve x[99] (expected 1.875000e+00, got 2.768514e-01, diff 1.598149e+00)
  FAIL: cgelsd structured solve x[99] (expected -8.125000e-01, got -1.183718e-01, diff 6.941282e-01)
  FAIL: cgelsd structured solve x[100] (expected 1.906250e+00, got 8.556576e-01, diff 1.050592e+00)
  FAIL: cgelsd structured solve x[100] (expected -7.968750e-01, got -2.297220e-01, diff 5.671530e-01)
  FAIL: cgelsd structured solve x[101] (expected 1.937500e+00, got -2.308781e-01, diff 2.168378e+00)
  FAIL: cgelsd structured solve x[101] (expected -7.812500e-01, got 8.514357e-02, diff 8.663936e-01)
  FAIL: cgelsd structured solve x[102] (expected 1.968750e+00, got -1.138717e-01, diff 2.082622e+00)
  FAIL: cgelsd structured solve x[102] (expected -7.656250e-01, got 1.311544e-01, diff 8.967794e-01)
  FAIL: cgelsd structured solve x[103] (expected 2.000000e+00, got -6.721611e-01, diff 2.672161e+00)
  FAIL: cgelsd structured solve x[103] (expected -7.500000e-01, got 2.365808e-01, diff 9.865807e-01)
  FAIL: cgelsd structured solve x[104] (expected 2.031250e+00, got -8.782121e-01, diff 2.909462e+00)
  FAIL: cgelsd structured solve x[104] (expected -7.343750e-01, got 3.739092e-01, diff 1.108284e+00)
  FAIL: cgelsd structured solve x[105] (expected 2.062500e+00, got -1.128615e+00, diff 3.191115e+00)
  FAIL: cgelsd structured solve x[105] (expected -7.187500e-01, got 3.742830e-01, diff 1.093033e+00)
  FAIL: cgelsd structured solve x[106] (expected 2.093750e+00, got -1.654330e+00, diff 3.748080e+00)
  FAIL: cgelsd structured solve x[106] (expected -7.031250e-01, got 5.975012e-01, diff 1.300626e+00)
  FAIL: cgelsd structured solve x[107] (expected 2.125000e+00, got -1.712898e+00, diff 3.837898e+00)
  FAIL: cgelsd structured solve x[107] (expected -6.875000e-01, got 5.366943e-01, diff 1.224194e+00)
  FAIL: cgelsd structured solve x[108] (expected 2.156250e+00, got -2.531550e+00, diff 4.687799e+00)
  FAIL: cgelsd structured solve x[108] (expected -6.718750e-01, got 8.355147e-01, diff 1.507390e+00)
  FAIL: cgelsd structured solve x[109] (expected 2.187500e+00, got -1.911710e+00, diff 4.099210e+00)
  FAIL: cgelsd structured solve x[109] (expected -6.562500e-01, got 5.630468e-01, diff 1.219297e+00)
  FAIL: cgelsd structured solve x[110] (expected 2.218750e+00, got -3.497938e+00, diff 5.716688e+00)
  FAIL: cgelsd structured solve x[110] (expected -6.406250e-01, got 1.082351e+00, diff 1.722976e+00)
  FAIL: cgelsd structured solve x[111] (expected 2.250000e+00, got 2.277939e+00, diff 2.793860e-02)
  FAIL: cgelsd structured solve x[111] (expected -6.250000e-01, got -6.328964e-01, diff 7.896423e-03)
  FAIL: cgelsd structured solve x[112] (expected 2.031250e+00, got 1.419176e+00, diff 6.120739e-01)
  FAIL: cgelsd structured solve x[112] (expected -9.843750e-01, got -5.067012e-01, diff 4.776738e-01)
  FAIL: cgelsd structured solve x[113] (expected 2.062500e+00, got 1.216493e+00, diff 8.460068e-01)
  FAIL: cgelsd structured solve x[113] (expected -9.687500e-01, got -5.569807e-01, diff 4.117693e-01)
  FAIL: cgelsd structured solve x[114] (expected 2.093750e+00, got 5.804506e+00, diff 3.710756e+00)
  FAIL: cgelsd structured solve x[114] (expected -9.531250e-01, got -2.541009e+00, diff 1.587884e+00)
  FAIL: cgelsd structured solve x[115] (expected 2.125000e+00, got 3.135366e-01, diff 1.811463e+00)
  FAIL: cgelsd structured solve x[115] (expected -9.375000e-01, got -1.367146e-01, diff 8.007854e-01)
  FAIL: cgelsd structured solve x[116] (expected 2.156250e+00, got 9.495937e-01, diff 1.206656e+00)
  FAIL: cgelsd structured solve x[116] (expected -9.218750e-01, got -2.766902e-01, diff 6.451848e-01)
  FAIL: cgelsd structured solve x[117] (expected 2.187500e+00, got -2.595327e-01, diff 2.447033e+00)
  FAIL: cgelsd structured solve x[117] (expected -9.062500e-01, got 9.947083e-02, diff 1.005721e+00)
  FAIL: cgelsd structured solve x[118] (expected 2.218750e+00, got -1.407412e-01, diff 2.359491e+00)
  FAIL: cgelsd structured solve x[118] (expected -8.906250e-01, got 1.445894e-01, diff 1.035214e+00)
  FAIL: cgelsd structured solve x[119] (expected 2.250000e+00, got -7.539698e-01, diff 3.003970e+00)
  FAIL: cgelsd structured solve x[119] (expected -8.750000e-01, got 2.774853e-01, diff 1.152485e+00)
  FAIL: cgelsd structured solve x[120] (expected 2.281250e+00, got -9.943569e-01, diff 3.275607e+00)
  FAIL: cgelsd structured solve x[120] (expected -8.593750e-01, got 4.319817e-01, diff 1.291357e+00)
  FAIL: cgelsd structured solve x[121] (expected 2.312500e+00, got -1.262699e+00, diff 3.575199e+00)
  FAIL: cgelsd structured solve x[121] (expected -8.437500e-01, got 4.413251e-01, diff 1.285075e+00)
  FAIL: cgelsd structured solve x[122] (expected 2.343750e+00, got -1.857854e+00, diff 4.201604e+00)
  FAIL: cgelsd structured solve x[122] (expected -8.281250e-01, got 6.992634e-01, diff 1.527388e+00)
  FAIL: cgelsd structured solve x[123] (expected 2.375000e+00, got -1.911919e+00, diff 4.286919e+00)
  FAIL: cgelsd structured solve x[123] (expected -8.125000e-01, got 6.362048e-01, diff 1.448705e+00)
  FAIL: cgelsd structured solve x[124] (expected 2.406250e+00, got -2.831733e+00, diff 5.237984e+00)
  FAIL: cgelsd structured solve x[124] (expected -7.968750e-01, got 9.856067e-01, diff 1.782482e+00)
  FAIL: cgelsd structured solve x[125] (expected 2.437500e+00, got -2.128695e+00, diff 4.566195e+00)
  FAIL: cgelsd structured solve x[125] (expected -7.812500e-01, got 6.715398e-01, diff 1.452790e+00)
  FAIL: cgelsd structured solve x[126] (expected 2.468750e+00, got -3.902412e+00, diff 6.371161e+00)
  FAIL: cgelsd structured solve x[126] (expected -7.656250e-01, got 1.284588e+00, diff 2.050213e+00)
  FAIL: cgelsd structured solve x[127] (expected 2.500000e+00, got 2.531063e+00, diff 3.106284e-02)
  FAIL: cgelsd structured solve x[127] (expected -7.500000e-01, got -7.594584e-01, diff 9.458363e-03)
  FAIL: cgelsd structured solve x[128] (expected 2.281250e+00, got 1.571212e+00, diff 7.100384e-01)
  FAIL: cgelsd structured solve x[128] (expected -1.109375e+00, got -5.827191e-01, diff 5.266559e-01)
  FAIL: cgelsd structured solve x[129] (expected 2.312500e+00, got 1.362146e+00, diff 9.503536e-01)
  FAIL: cgelsd structured solve x[129] (expected -1.093750e+00, got -6.298076e-01, diff 4.639424e-01)
  FAIL: cgelsd structured solve x[130] (expected 2.343750e+00, got 6.484913e+00, diff 4.141163e+00)
  FAIL: cgelsd structured solve x[130] (expected -1.078125e+00, got -2.881214e+00, diff 1.803089e+00)
  FAIL: cgelsd structured solve x[131] (expected 2.375000e+00, got 3.502221e-01, diff 2.024778e+00)
  FAIL: cgelsd structured solve x[131] (expected -1.062500e+00, got -1.550573e-01, diff 9.074427e-01)
  FAIL: cgelsd structured solve x[132] (expected 2.406250e+00, got 1.043528e+00, diff 1.362722e+00)
  FAIL: cgelsd structured solve x[132] (expected -1.046875e+00, got -3.236570e-01, diff 7.232180e-01)
  FAIL: cgelsd structured solve x[133] (expected 2.437500e+00, got -2.881873e-01, diff 2.725687e+00)
  FAIL: cgelsd structured solve x[133] (expected -1.031250e+00, got 1.137982e-01, diff 1.145048e+00)
  FAIL: cgelsd structured solve x[134] (expected 2.468750e+00, got -1.676111e-01, diff 2.636361e+00)
  FAIL: cgelsd structured solve x[134] (expected -1.015625e+00, got 1.580241e-01, diff 1.173649e+00)
  FAIL: cgelsd structured solve x[135] (expected 2.500000e+00, got -8.357785e-01, diff 3.335778e+00)
  FAIL: cgelsd structured solve x[135] (expected -1.000000e+00, got 3.183897e-01, diff 1.318390e+00)
  FAIL: cgelsd structured solve x[136] (expected 2.531250e+00, got -1.110502e+00, diff 3.641752e+00)
  FAIL: cgelsd structured solve x[136] (expected -9.843750e-01, got 4.900542e-01, diff 1.474429e+00)
  FAIL: cgelsd structured solve x[137] (expected 2.562500e+00, got -1.396784e+00, diff 3.959284e+00)
  FAIL: cgelsd structured solve x[137] (expected -9.687500e-01, got 5.083674e-01, diff 1.477117e+00)
  FAIL: cgelsd structured solve x[138] (expected 2.593750e+00, got -2.061377e+00, diff 4.655127e+00)
  FAIL: cgelsd structured solve x[138] (expected -9.531250e-01, got 8.010256e-01, diff 1.754151e+00)
  FAIL: cgelsd structured solve x[139] (expected 2.625000e+00, got -2.110939e+00, diff 4.735939e+00)
  FAIL: cgelsd structured solve x[139] (expected -9.375000e-01, got 7.357149e-01, diff 1.673215e+00)
  FAIL: cgelsd structured solve x[140] (expected 2.656250e+00, got -3.131918e+00, diff 5.788168e+00)
  FAIL: cgelsd structured solve x[140] (expected -9.218750e-01, got 1.135698e+00, diff 2.057573e+00)
  FAIL: cgelsd structured solve x[141] (expected 2.687500e+00, got -2.345682e+00, diff 5.033182e+00)
  FAIL: cgelsd structured solve x[141] (expected -9.062500e-01, got 7.800329e-01, diff 1.686283e+00)
  FAIL: cgelsd structured solve x[142] (expected 2.718750e+00, got -4.306886e+00, diff 7.025636e+00)
  FAIL: cgelsd structured solve x[142] (expected -8.906250e-01, got 1.486825e+00, diff 2.377450e+00)
  FAIL: cgelsd structured solve x[143] (expected 2.750000e+00, got 2.784187e+00, diff 3.418660e-02)
  FAIL: cgelsd structured solve x[143] (expected -8.750000e-01, got -8.860201e-01, diff 1.102006e-02)
  FAIL: cgelsd structured solve x[144] (expected 2.531250e+00, got 1.723249e+00, diff 8.080007e-01)
  FAIL: cgelsd structured solve x[144] (expected -1.234375e+00, got -6.587374e-01, diff 5.756376e-01)
  FAIL: cgelsd structured solve x[145] (expected 2.562500e+00, got 1.507800e+00, diff 1.054700e+00)
  FAIL: cgelsd structured solve x[145] (expected -1.218750e+00, got -7.026343e-01, diff 5.161157e-01)
  FAIL: cgelsd structured solve x[146] (expected 2.593750e+00, got 7.165323e+00, diff 4.571573e+00)
  FAIL: cgelsd structured solve x[146] (expected -1.203125e+00, got -3.221417e+00, diff 2.018292e+00)
  FAIL: cgelsd structured solve x[147] (expected 2.625000e+00, got 3.869076e-01, diff 2.238092e+00)
  FAIL: cgelsd structured solve x[147] (expected -1.187500e+00, got -1.733998e-01, diff 1.014100e+00)
  FAIL: cgelsd structured solve x[148] (expected 2.656250e+00, got 1.137465e+00, diff 1.518785e+00)
  FAIL: cgelsd structured solve x[148] (expected -1.171875e+00, got -3.706258e-01, diff 8.012491e-01)
  FAIL: cgelsd structured solve x[149] (expected 2.687500e+00, got -3.168420e-01, diff 3.004342e+00)
  FAIL: cgelsd structured solve x[149] (expected -1.156250e+00, got 1.281253e-01, diff 1.284375e+00)
  FAIL: cgelsd structured solve x[150] (expected 2.718750e+00, got -1.944824e-01, diff 2.913232e+00)
  FAIL: cgelsd structured solve x[150] (expected -1.140625e+00, got 1.714589e-01, diff 1.312084e+00)
  FAIL: cgelsd structured solve x[151] (expected 2.750000e+00, got -9.175873e-01, diff 3.667587e+00)
  FAIL: cgelsd structured solve x[151] (expected -1.125000e+00, got 3.592938e-01, diff 1.484294e+00)
  FAIL: cgelsd structured solve x[152] (expected 2.781250e+00, got -1.226647e+00, diff 4.007897e+00)
  FAIL: cgelsd structured solve x[152] (expected -1.109375e+00, got 5.481266e-01, diff 1.657502e+00)
  FAIL: cgelsd structured solve x[153] (expected 2.812500e+00, got -1.530868e+00, diff 4.343368e+00)
  FAIL: cgelsd structured solve x[153] (expected -1.093750e+00, got 5.754096e-01, diff 1.669160e+00)
  FAIL: cgelsd structured solve x[154] (expected 2.843750e+00, got -2.264902e+00, diff 5.108652e+00)
  FAIL: cgelsd structured solve x[154] (expected -1.078125e+00, got 9.027874e-01, diff 1.980912e+00)
  FAIL: cgelsd structured solve x[155] (expected 2.875000e+00, got -2.309960e+00, diff 5.184960e+00)
  FAIL: cgelsd structured solve x[155] (expected -1.062500e+00, got 8.352252e-01, diff 1.897725e+00)
  FAIL: cgelsd structured solve x[156] (expected 2.906250e+00, got -3.432102e+00, diff 6.338352e+00)
  FAIL: cgelsd structured solve x[156] (expected -1.046875e+00, got 1.285790e+00, diff 2.332665e+00)
  FAIL: cgelsd structured solve x[157] (expected 2.937500e+00, got -2.562668e+00, diff 5.500168e+00)
  FAIL: cgelsd structured solve x[157] (expected -1.031250e+00, got 8.885258e-01, diff 1.919776e+00)
  FAIL: cgelsd structured solve x[158] (expected 2.968750e+00, got -4.711361e+00, diff 7.680111e+00)
  FAIL: cgelsd structured solve x[158] (expected -1.015625e+00, got 1.689062e+00, diff 2.704687e+00)
  FAIL: cgelsd structured solve x[159] (expected 3.000000e+00, got 3.037310e+00, diff 3.730965e-02)
  FAIL: cgelsd structured solve x[159] (expected -1.000000e+00, got -1.012582e+00, diff 1.258183e-02)
  FAIL: cgelsd structured solve x[160] (expected 2.781250e+00, got 1.875284e+00, diff 9.059659e-01)
  FAIL: cgelsd structured solve x[160] (expected -1.359375e+00, got -7.347551e-01, diff 6.246199e-01)
  FAIL: cgelsd structured solve x[161] (expected 2.812500e+00, got 1.653453e+00, diff 1.159047e+00)
  FAIL: cgelsd structured solve x[161] (expected -1.343750e+00, got -7.754608e-01, diff 5.682892e-01)
  FAIL: cgelsd structured solve x[162] (expected 2.843750e+00, got 7.845729e+00, diff 5.001979e+00)
  FAIL: cgelsd structured solve x[162] (expected -1.328125e+00, got -3.561620e+00, diff 2.233495e+00)
  FAIL: cgelsd structured solve x[163] (expected 2.875000e+00, got 4.235926e-01, diff 2.451407e+00)
  FAIL: cgelsd structured solve x[163] (expected -1.312500e+00, got -1.917424e-01, diff 1.120758e+00)
  FAIL: cgelsd structured solve x[164] (expected 2.906250e+00, got 1.231402e+00, diff 1.674848e+00)
  FAIL: cgelsd structured solve x[164] (expected -1.296875e+00, got -4.175936e-01, diff 8.792814e-01)
  FAIL: cgelsd structured solve x[165] (expected 2.937500e+00, got -3.454969e-01, diff 3.282997e+00)
  FAIL: cgelsd structured solve x[165] (expected -1.281250e+00, got 1.424529e-01, diff 1.423703e+00)
  FAIL: cgelsd structured solve x[166] (expected 2.968750e+00, got -2.213513e-01, diff 3.190101e+00)
  FAIL: cgelsd structured solve x[166] (expected -1.265625e+00, got 1.848938e-01, diff 1.450519e+00)
  FAIL: cgelsd structured solve x[167] (expected 3.000000e+00, got -9.993960e-01, diff 3.999396e+00)
  FAIL: cgelsd structured solve x[167] (expected -1.250000e+00, got 4.001984e-01, diff 1.650198e+00)
  FAIL: cgelsd structured solve x[168] (expected 3.031250e+00, got -1.342791e+00, diff 4.374042e+00)
  FAIL: cgelsd structured solve x[168] (expected -1.234375e+00, got 6.061992e-01, diff 1.840574e+00)
  FAIL: cgelsd structured solve x[169] (expected 3.062500e+00, got -1.664952e+00, diff 4.727452e+00)
  FAIL: cgelsd structured solve x[169] (expected -1.218750e+00, got 6.424515e-01, diff 1.861202e+00)
  FAIL: cgelsd structured solve x[170] (expected 3.093750e+00, got -2.468425e+00, diff 5.562175e+00)
  FAIL: cgelsd structured solve x[170] (expected -1.203125e+00, got 1.004549e+00, diff 2.207675e+00)
  FAIL: cgelsd structured solve x[171] (expected 3.125000e+00, got -2.508981e+00, diff 5.633981e+00)
  FAIL: cgelsd structured solve x[171] (expected -1.187500e+00, got 9.347355e-01, diff 2.122236e+00)
  FAIL: cgelsd structured solve x[172] (expected 3.156250e+00, got -3.732285e+00, diff 6.888535e+00)
  FAIL: cgelsd structured solve x[172] (expected -1.171875e+00, got 1.435883e+00, diff 2.607758e+00)
  FAIL: cgelsd structured solve x[173] (expected 3.187500e+00, got -2.779653e+00, diff 5.967154e+00)
  FAIL: cgelsd structured solve x[173] (expected -1.156250e+00, got 9.970186e-01, diff 2.153269e+00)
  FAIL: cgelsd structured solve x[174] (expected 3.218750e+00, got -5.115836e+00, diff 8.334585e+00)
  FAIL: cgelsd structured solve x[174] (expected -1.140625e+00, got 1.891299e+00, diff 3.031924e+00)
  FAIL: cgelsd structured solve x[175] (expected 3.250000e+00, got 3.290434e+00, diff 4.043388e-02)
  FAIL: cgelsd structured solve x[175] (expected -1.125000e+00, got -1.139144e+00, diff 1.414394e-02)
  FAIL: cgelsd structured solve x[176] (expected 3.031250e+00, got 2.027321e+00, diff 1.003929e+00)
  FAIL: cgelsd structured solve x[176] (expected -1.484375e+00, got -8.107734e-01, diff 6.736016e-01)
  FAIL: cgelsd structured solve x[177] (expected 3.062500e+00, got 1.799107e+00, diff 1.263393e+00)
  FAIL: cgelsd structured solve x[177] (expected -1.468750e+00, got -8.482874e-01, diff 6.204626e-01)
  FAIL: cgelsd structured solve x[178] (expected 3.093750e+00, got 8.526137e+00, diff 5.432387e+00)
  FAIL: cgelsd structured solve x[178] (expected -1.453125e+00, got -3.901825e+00, diff 2.448700e+00)
  FAIL: cgelsd structured solve x[179] (expected 3.125000e+00, got 4.602781e-01, diff 2.664722e+00)
  FAIL: cgelsd structured solve x[179] (expected -1.437500e+00, got -2.100851e-01, diff 1.227415e+00)
  FAIL: cgelsd structured solve x[180] (expected 3.156250e+00, got 1.325337e+00, diff 1.830913e+00)
  FAIL: cgelsd structured solve x[180] (expected -1.421875e+00, got -4.645615e-01, diff 9.573135e-01)
  FAIL: cgelsd structured solve x[181] (expected 3.187500e+00, got -3.741514e-01, diff 3.561651e+00)
  FAIL: cgelsd structured solve x[181] (expected -1.406250e+00, got 1.567803e-01, diff 1.563030e+00)
  FAIL: cgelsd structured solve x[182] (expected 3.218750e+00, got -2.482211e-01, diff 3.466971e+00)
  FAIL: cgelsd structured solve x[182] (expected -1.390625e+00, got 1.983292e-01, diff 1.588954e+00)
  FAIL: cgelsd structured solve x[183] (expected 3.250000e+00, got -1.081205e+00, diff 4.331205e+00)
  FAIL: cgelsd structured solve x[183] (expected -1.375000e+00, got 4.411028e-01, diff 1.816103e+00)
  FAIL: cgelsd structured solve x[184] (expected 3.281250e+00, got -1.458938e+00, diff 4.740188e+00)
  FAIL: cgelsd structured solve x[184] (expected -1.359375e+00, got 6.642721e-01, diff 2.023647e+00)
  FAIL: cgelsd structured solve x[185] (expected 3.312500e+00, got -1.799037e+00, diff 5.111537e+00)
  FAIL: cgelsd structured solve x[185] (expected -1.343750e+00, got 7.094938e-01, diff 2.053244e+00)
  FAIL: cgelsd structured solve x[186] (expected 3.343750e+00, got -2.671950e+00, diff 6.015700e+00)
  FAIL: cgelsd structured solve x[186] (expected -1.328125e+00, got 1.106311e+00, diff 2.434436e+00)
  FAIL: cgelsd structured solve x[187] (expected 3.375000e+00, got -2.708001e+00, diff 6.083001e+00)
  FAIL: cgelsd structured solve x[187] (expected -1.312500e+00, got 1.034246e+00, diff 2.346746e+00)
  FAIL: cgelsd structured solve x[188] (expected 3.406250e+00, got -4.032470e+00, diff 7.438720e+00)
  FAIL: cgelsd structured solve x[188] (expected -1.296875e+00, got 1.585975e+00, diff 2.882850e+00)
  FAIL: cgelsd structured solve x[189] (expected 3.437500e+00, got -2.996640e+00, diff 6.434140e+00)
  FAIL: cgelsd structured solve x[189] (expected -1.281250e+00, got 1.105512e+00, diff 2.386762e+00)
  FAIL: cgelsd structured solve x[190] (expected 3.468750e+00, got -5.520309e+00, diff 8.989059e+00)
  FAIL: cgelsd structured solve x[190] (expected -1.265625e+00, got 2.093536e+00, diff 3.359161e+00)
  FAIL: cgelsd structured solve x[191] (expected 3.500000e+00, got 3.543558e+00, diff 4.355764e-02)
  FAIL: cgelsd structured solve x[191] (expected -1.250000e+00, got -1.265706e+00, diff 1.570559e-02)
  FAIL: cgelsd structured solve x[192] (expected 3.281250e+00, got 2.179355e+00, diff 1.101895e+00)
  FAIL: cgelsd structured solve x[192] (expected -1.609375e+00, got -8.867916e-01, diff 7.225834e-01)
  FAIL: cgelsd structured solve x[193] (expected 3.312500e+00, got 1.944761e+00, diff 1.367739e+00)
  FAIL: cgelsd structured solve x[193] (expected -1.593750e+00, got -9.211141e-01, diff 6.726359e-01)
  FAIL: cgelsd structured solve x[194] (expected 3.343750e+00, got 9.206543e+00, diff 5.862793e+00)
  FAIL: cgelsd structured solve x[194] (expected -1.578125e+00, got -4.242029e+00, diff 2.663904e+00)
  FAIL: cgelsd structured solve x[195] (expected 3.375000e+00, got 4.969628e-01, diff 2.878037e+00)
  FAIL: cgelsd structured solve x[195] (expected -1.562500e+00, got -2.284280e-01, diff 1.334072e+00)
  FAIL: cgelsd structured solve x[196] (expected 3.406250e+00, got 1.419270e+00, diff 1.986980e+00)
  FAIL: cgelsd structured solve x[196] (expected -1.546875e+00, got -5.115295e-01, diff 1.035346e+00)
  FAIL: cgelsd structured solve x[197] (expected 3.437500e+00, got -4.028064e-01, diff 3.840306e+00)
  FAIL: cgelsd structured solve x[197] (expected -1.531250e+00, got 1.711074e-01, diff 1.702357e+00)
  FAIL: cgelsd structured solve x[198] (expected 3.468750e+00, got -2.750914e-01, diff 3.743841e+00)
  FAIL: cgelsd structured solve x[198] (expected -1.515625e+00, got 2.117637e-01, diff 1.727389e+00)
  FAIL: cgelsd structured solve x[199] (expected 3.500000e+00, got -1.163014e+00, diff 4.663014e+00)
  FAIL: cgelsd structured solve x[199] (expected -1.500000e+00, got 4.820071e-01, diff 1.982007e+00)
  FAIL: cgelsd structured solve x[200] (expected 3.531250e+00, got -1.575082e+00, diff 5.106332e+00)
  FAIL: cgelsd structured solve x[200] (expected -1.484375e+00, got 7.223445e-01, diff 2.206719e+00)
  FAIL: cgelsd structured solve x[201] (expected 3.562500e+00, got -1.933121e+00, diff 5.495621e+00)
  FAIL: cgelsd structured solve x[201] (expected -1.468750e+00, got 7.765359e-01, diff 2.245286e+00)
  FAIL: cgelsd structured solve x[202] (expected 3.593750e+00, got -2.875473e+00, diff 6.469223e+00)
  FAIL: cgelsd structured solve x[202] (expected -1.453125e+00, got 1.208073e+00, diff 2.661198e+00)
  FAIL: cgelsd structured solve x[203] (expected 3.625000e+00, got -2.907021e+00, diff 6.532022e+00)
  FAIL: cgelsd structured solve x[203] (expected -1.437500e+00, got 1.133756e+00, diff 2.571256e+00)
  FAIL: cgelsd structured solve x[204] (expected 3.656250e+00, got -4.332654e+00, diff 7.988904e+00)
  FAIL: cgelsd structured solve x[204] (expected -1.421875e+00, got 1.736067e+00, diff 3.157942e+00)
  FAIL: cgelsd structured solve x[205] (expected 3.687500e+00, got -3.213625e+00, diff 6.901125e+00)
  FAIL: cgelsd structured solve x[205] (expected -1.406250e+00, got 1.214005e+00, diff 2.620255e+00)
  FAIL: cgelsd structured solve x[206] (expected 3.718750e+00, got -5.924783e+00, diff 9.643533e+00)
  FAIL: cgelsd structured solve x[206] (expected -1.390625e+00, got 2.295774e+00, diff 3.686399e+00)
  FAIL: cgelsd structured solve x[207] (expected 3.750000e+00, got 3.796681e+00, diff 4.668117e-02)
  FAIL: cgelsd structured solve x[207] (expected -1.375000e+00, got -1.392267e+00, diff 1.726747e-02)
  FAIL: cgelsd structured solve x[208] (expected 3.531250e+00, got 2.331394e+00, diff 1.199856e+00)
  FAIL: cgelsd structured solve x[208] (expected -1.734375e+00, got -9.628097e-01, diff 7.715653e-01)
  FAIL: cgelsd structured solve x[209] (expected 3.562500e+00, got 2.090414e+00, diff 1.472086e+00)
  FAIL: cgelsd structured solve x[209] (expected -1.718750e+00, got -9.939411e-01, diff 7.248089e-01)
  FAIL: cgelsd structured solve x[210] (expected 3.593750e+00, got 9.886953e+00, diff 6.293203e+00)
  FAIL: cgelsd structured solve x[210] (expected -1.703125e+00, got -4.582233e+00, diff 2.879108e+00)
  FAIL: cgelsd structured solve x[211] (expected 3.625000e+00, got 5.336483e-01, diff 3.091352e+00)
  FAIL: cgelsd structured solve x[211] (expected -1.687500e+00, got -2.467706e-01, diff 1.440729e+00)
  FAIL: cgelsd structured solve x[212] (expected 3.656250e+00, got 1.513205e+00, diff 2.143045e+00)
  FAIL: cgelsd structured solve x[212] (expected -1.671875e+00, got -5.584978e-01, diff 1.113377e+00)
  FAIL: cgelsd structured solve x[213] (expected 3.687500e+00, got -4.314606e-01, diff 4.118961e+00)
  FAIL: cgelsd structured solve x[213] (expected -1.656250e+00, got 1.854348e-01, diff 1.841685e+00)
  FAIL: cgelsd structured solve x[214] (expected 3.718750e+00, got -3.019631e-01, diff 4.020713e+00)
  FAIL: cgelsd structured solve x[214] (expected -1.640625e+00, got 2.251981e-01, diff 1.865823e+00)
  FAIL: cgelsd structured solve x[215] (expected 3.750000e+00, got -1.244823e+00, diff 4.994823e+00)
  FAIL: cgelsd structured solve x[215] (expected -1.625000e+00, got 5.229113e-01, diff 2.147911e+00)
  FAIL: cgelsd structured solve x[216] (expected 3.781250e+00, got -1.691224e+00, diff 5.472475e+00)
  FAIL: cgelsd structured solve x[216] (expected -1.609375e+00, got 7.804168e-01, diff 2.389792e+00)
  FAIL: cgelsd structured solve x[217] (expected 3.812500e+00, got -2.067205e+00, diff 5.879705e+00)
  FAIL: cgelsd structured solve x[217] (expected -1.593750e+00, got 8.435783e-01, diff 2.437328e+00)
  FAIL: cgelsd structured solve x[218] (expected 3.843750e+00, got -3.078997e+00, diff 6.922748e+00)
  FAIL: cgelsd structured solve x[218] (expected -1.578125e+00, got 1.309835e+00, diff 2.887960e+00)
  FAIL: cgelsd structured solve x[219] (expected 3.875000e+00, got -3.106042e+00, diff 6.981042e+00)
  FAIL: cgelsd structured solve x[219] (expected -1.562500e+00, got 1.233266e+00, diff 2.795766e+00)
  FAIL: cgelsd structured solve x[220] (expected 3.906250e+00, got -4.632840e+00, diff 8.539089e+00)
  FAIL: cgelsd structured solve x[220] (expected -1.546875e+00, got 1.886159e+00, diff 3.433034e+00)
  FAIL: cgelsd structured solve x[221] (expected 3.937500e+00, got -3.430612e+00, diff 7.368112e+00)
  FAIL: cgelsd structured solve x[221] (expected -1.531250e+00, got 1.322498e+00, diff 2.853748e+00)
  FAIL: cgelsd structured solve x[222] (expected 3.968750e+00, got -6.329257e+00, diff 1.029801e+01)
  FAIL: cgelsd structured solve x[222] (expected -1.515625e+00, got 2.498010e+00, diff 4.013635e+00)
  FAIL: cgelsd structured solve x[223] (expected 4.000000e+00, got 4.049805e+00, diff 4.980469e-02)
  FAIL: cgelsd structured solve x[223] (expected -1.500000e+00, got -1.518829e+00, diff 1.882935e-02)
  FAIL: cgelsd structured solve x[224] (expected 3.781250e+00, got 2.483430e+00, diff 1.297820e+00)
  FAIL: cgelsd structured solve x[224] (expected -1.859375e+00, got -1.038828e+00, diff 8.205473e-01)
  FAIL: cgelsd structured solve x[225] (expected 3.812500e+00, got 2.236067e+00, diff 1.576433e+00)
  FAIL: cgelsd structured solve x[225] (expected -1.843750e+00, got -1.066768e+00, diff 7.769821e-01)
  FAIL: cgelsd structured solve x[226] (expected 3.843750e+00, got 1.056736e+01, diff 6.723613e+00)
  FAIL: cgelsd structured solve x[226] (expected -1.828125e+00, got -4.922436e+00, diff 3.094311e+00)
  FAIL: cgelsd structured solve x[227] (expected 3.875000e+00, got 5.703343e-01, diff 3.304666e+00)
  FAIL: cgelsd structured solve x[227] (expected -1.812500e+00, got -2.651131e-01, diff 1.547387e+00)
  FAIL: cgelsd structured solve x[228] (expected 3.906250e+00, got 1.607143e+00, diff 2.299107e+00)
  FAIL: cgelsd structured solve x[228] (expected -1.796875e+00, got -6.054637e-01, diff 1.191411e+00)
  FAIL: cgelsd structured solve x[229] (expected 3.937500e+00, got -4.601157e-01, diff 4.397615e+00)
  FAIL: cgelsd structured solve x[229] (expected -1.781250e+00, got 1.997620e-01, diff 1.981012e+00)
  FAIL: cgelsd structured solve x[230] (expected 3.968750e+00, got -3.288311e-01, diff 4.297581e+00)
  FAIL: cgelsd structured solve x[230] (expected -1.765625e+00, got 2.386337e-01, diff 2.004259e+00)
  FAIL: cgelsd structured solve x[231] (expected 4.000000e+00, got -1.326630e+00, diff 5.326631e+00)
  FAIL: cgelsd structured solve x[231] (expected -1.750000e+00, got 5.638161e-01, diff 2.313816e+00)
  FAIL: cgelsd structured solve x[232] (expected 4.031250e+00, got -1.807371e+00, diff 5.838621e+00)
  FAIL: cgelsd structured solve x[232] (expected -1.734375e+00, got 8.384898e-01, diff 2.572865e+00)
  FAIL: cgelsd structured solve x[233] (expected 4.062500e+00, got -2.201290e+00, diff 6.263790e+00)
  FAIL: cgelsd structured solve x[233] (expected -1.718750e+00, got 9.106203e-01, diff 2.629370e+00)
  FAIL: cgelsd structured solve x[234] (expected 4.093750e+00, got -3.282523e+00, diff 7.376273e+00)
  FAIL: cgelsd structured solve x[234] (expected -1.703125e+00, got 1.411597e+00, diff 3.114722e+00)
  FAIL: cgelsd structured solve x[235] (expected 4.125000e+00, got -3.305062e+00, diff 7.430062e+00)
  FAIL: cgelsd structured solve x[235] (expected -1.687500e+00, got 1.332777e+00, diff 3.020277e+00)
  FAIL: cgelsd structured solve x[236] (expected 4.156250e+00, got -4.933022e+00, diff 9.089272e+00)
  FAIL: cgelsd structured solve x[236] (expected -1.671875e+00, got 2.036251e+00, diff 3.708126e+00)
  FAIL: cgelsd structured solve x[237] (expected 4.187500e+00, got -3.647598e+00, diff 7.835098e+00)
  FAIL: cgelsd structured solve x[237] (expected -1.656250e+00, got 1.430990e+00, diff 3.087240e+00)
  FAIL: cgelsd structured solve x[238] (expected 4.218750e+00, got -6.733731e+00, diff 1.095248e+01)
  FAIL: cgelsd structured solve x[238] (expected -1.640625e+00, got 2.700248e+00, diff 4.340873e+00)
  FAIL: cgelsd structured solve x[239] (expected 4.250000e+00, got 4.302929e+00, diff 5.292892e-02)
  FAIL: cgelsd structured solve x[239] (expected -1.625000e+00, got -1.645391e+00, diff 2.039135e-02)
  FAIL: cgelsd structured solve x[240] (expected 4.031250e+00, got 2.635465e+00, diff 1.395785e+00)
  FAIL: cgelsd structured solve x[240] (expected -1.984375e+00, got -1.114846e+00, diff 8.695294e-01)
  FAIL: cgelsd structured solve x[241] (expected 4.062500e+00, got 2.381721e+00, diff 1.680779e+00)
  FAIL: cgelsd structured solve x[241] (expected -1.968750e+00, got -1.139594e+00, diff 8.291557e-01)
  FAIL: cgelsd structured solve x[242] (expected 4.093750e+00, got 1.124777e+01, diff 7.154018e+00)
  FAIL: cgelsd structured solve x[242] (expected -1.953125e+00, got -5.262641e+00, diff 3.309516e+00)
  FAIL: cgelsd structured solve x[243] (expected 4.125000e+00, got 6.070197e-01, diff 3.517980e+00)
  FAIL: cgelsd structured solve x[243] (expected -1.937500e+00, got -2.834560e-01, diff 1.654044e+00)
  FAIL: cgelsd structured solve x[244] (expected 4.156250e+00, got 1.701080e+00, diff 2.455170e+00)
  FAIL: cgelsd structured solve x[244] (expected -1.921875e+00, got -6.524332e-01, diff 1.269442e+00)
  FAIL: cgelsd structured solve x[245] (expected 4.187500e+00, got -4.887696e-01, diff 4.676270e+00)
  FAIL: cgelsd structured solve x[245] (expected -1.906250e+00, got 2.140895e-01, diff 2.120340e+00)
  FAIL: cgelsd structured solve x[246] (expected 4.218750e+00, got -3.557000e-01, diff 4.574450e+00)
  FAIL: cgelsd structured solve x[246] (expected -1.890625e+00, got 2.520691e-01, diff 2.142694e+00)
  FAIL: cgelsd structured solve x[247] (expected 4.250000e+00, got -1.408440e+00, diff 5.658440e+00)
  FAIL: cgelsd structured solve x[247] (expected -1.875000e+00, got 6.047201e-01, diff 2.479720e+00)
  FAIL: cgelsd structured solve x[248] (expected 4.281250e+00, got -1.923518e+00, diff 6.204768e+00)
  FAIL: cgelsd structured solve x[248] (expected -1.859375e+00, got 8.965623e-01, diff 2.755937e+00)
  FAIL: cgelsd structured solve x[249] (expected 4.312500e+00, got -2.335374e+00, diff 6.647874e+00)
  FAIL: cgelsd structured solve x[249] (expected -1.843750e+00, got 9.776623e-01, diff 2.821412e+00)
  FAIL: cgelsd structured solve x[250] (expected 4.343750e+00, got -3.486044e+00, diff 7.829794e+00)
  FAIL: cgelsd structured solve x[250] (expected -1.828125e+00, got 1.513358e+00, diff 3.341483e+00)
  FAIL: cgelsd structured solve x[251] (expected 4.375000e+00, got -3.504083e+00, diff 7.879083e+00)
  FAIL: cgelsd structured solve x[251] (expected -1.812500e+00, got 1.432287e+00, diff 3.244787e+00)
  FAIL: cgelsd structured solve x[252] (expected 4.406250e+00, got -5.233206e+00, diff 9.639456e+00)
  FAIL: cgelsd structured solve x[252] (expected -1.796875e+00, got 2.186343e+00, diff 3.983218e+00)
  FAIL: cgelsd structured solve x[253] (expected 4.437500e+00, got -3.864583e+00, diff 8.302083e+00)
  FAIL: cgelsd structured solve x[253] (expected -1.781250e+00, got 1.539484e+00, diff 3.320734e+00)
  FAIL: cgelsd structured solve x[254] (expected 4.468750e+00, got -7.138206e+00, diff 1.160696e+01)
  FAIL: cgelsd structured solve x[254] (expected -1.765625e+00, got 2.902484e+00, diff 4.668109e+00)
  FAIL: cgelsd structured solve x[255] (expected 4.500000e+00, got 4.556053e+00, diff 5.605268e-02)
  FAIL: cgelsd structured solve x[255] (expected -1.750000e+00, got -1.771953e+00, diff 2.195311e-02)
  FAIL: cgelsd structured solve residual (expected 0.000000e+00, got 3.043220e-01, diff 3.043220e-01)

cgelsd Results:
  Total:  557
  Passed: 44
  Failed: 513
  Success Rate: 7.9%
